
> nextapp@0.1.0 build
> next build

Γû▓ Next.js 16.1.6 (Turbopack)
- Environments: .env.local

node.exe : ΓÜá The 
"middleware" file 
convention is 
deprecated. Please use 
"proxy" instead. Learn 
more: https://nextjs.or
g/docs/messages/middlew
are-to-proxy
At line:1 char:1
+ & 
"C:\xampp/node.exe" "C:
\xampp/node_modules/npm
/bin/npm-cli.js" run  
...
+ ~~~~~~~~~~~~~~~~~~~~~
~~~~~~~~~~~~~~~~~~~~~~~
~~~~~~~~~~~~~~~~~~~~~~~
~~
    + CategoryInfo     
         : NotSpecifi  
  ed: (ΓÜá The "midd   
 le...leware-to-pro    
xy:String) [], Rem    
oteException
    + FullyQualifiedEr 
   rorId : NativeComm  
  andError
 
  Creating an optimized production build ...

> Build error occurred
Error: Turbopack build 
failed with 13 errors:
./node_modules/nodemail
er/lib/sendmail-transpo
rt/index.js:3:15
Module not found: 
Can't resolve 
'child_process'
[0m [90m 1 |[39m 
[32m'use 
strict'[39m[33m;[39m
 [90m 2 |[39m
[31m[1m>[22m[39m[9
0m 3 |[39m 
[36mconst[39m spawn 
[33m=[39m require([3
2m'child_process'[39m)
[33m.[39mspawn[33m;
[39m
 [90m   |[39m        
       [31m[1m^[22m
[39m[31m[1m^[22m[39
m[31m[1m^[22m[39m[
31m[1m^[22m[39m[31m
[1m^[22m[39m[31m[1
m^[22m[39m[31m[1m^
[22m[39m[31m[1m^[22
m[39m[31m[1m^[22m[
39m[31m[1m^[22m[39m
[31m[1m^[22m[39m[3
1m[1m^[22m[39m[31m
[1m^[22m[39m[31m[1m
^[22m[39m[31m[1m^[
22m[39m[31m[1m^[22m
[39m[31m[1m^[22m[3
9m[31m[1m^[22m[39m
[31m[1m^[22m[39m[31
m[1m^[22m[39m[31m[
1m^[22m[39m[31m[1m^
[22m[39m[31m[1m^[2
2m[39m[31m[1m^[22m
[39m
 [90m 4 |[39m 
[36mconst[39m 
packageData 
[33m=[39m require([3
2m'../../package.json'
[39m)[33m;[39m
 [90m 5 |[39m 
[36mconst[39m shared 
[33m=[39m require([3
2m'../shared'[39m)[33
m;[39m
 [90m 6 |[39m 
[36mconst[39m errors 
[33m=[39m require([3
2m'../errors'[39m)[33
m;[39m[0m



Import traces:
  Client Component 
Browser:
    ./node_modules/node
mailer/lib/sendmail-tra
nsport/index.js 
[Client Component 
Browser]
    ./node_modules/node
mailer/lib/nodemailer.j
s [Client Component 
Browser]
    ./src/lib/email.js 
[Client Component 
Browser]
    ./src/app/admin/ann
ouncements/create/page.
js [Client Component 
Browser]
    ./src/app/admin/ann
ouncements/create/page.
js [Server Component]

  Client Component SSR:
    ./node_modules/node
mailer/lib/sendmail-tra
nsport/index.js 
[Client Component SSR]
    ./node_modules/node
mailer/lib/nodemailer.j
s [Client Component 
SSR]
    ./src/lib/email.js 
[Client Component SSR]
    ./src/app/admin/ann
ouncements/create/page.
js [Client Component 
SSR]
    ./src/app/admin/ann
ouncements/create/page.
js [Server Component]

https://nextjs.org/docs
/messages/module-not-fo
und


./node_modules/nodemail
er/lib/mailer/index.js:
15:13
Module not found: 
Can't resolve 'dns'
[0m [90m 13 |[39m 
[36mconst[39m 
[33mMailMessage[39m 
[33m=[39m require([3
2m'./mail-message'[39m
)[33m;[39m
 [90m 14 |[39m 
[36mconst[39m net 
[33m=[39m require([3
2m'net'[39m)[33m;[39
m
[31m[1m>[22m[39m[9
0m 15 |[39m 
[36mconst[39m dns 
[33m=[39m require([3
2m'dns'[39m)[33m;[39
m
 [90m    |[39m       
      [31m[1m^[22m[
39m[31m[1m^[22m[39m
[31m[1m^[22m[39m[3
1m[1m^[22m[39m[31m
[1m^[22m[39m[31m[1m
^[22m[39m[31m[1m^[
22m[39m[31m[1m^[22m
[39m[31m[1m^[22m[3
9m[31m[1m^[22m[39m
[31m[1m^[22m[39m[31
m[1m^[22m[39m[31m[
1m^[22m[39m[31m[1m^
[22m[39m
 [90m 16 |[39m 
[36mconst[39m crypto 
[33m=[39m require([3
2m'crypto'[39m)[33m;
[39m
 [90m 17 |[39m
 [90m 18 |[39m 
[90m/**[39m[0m



Import traces:
  Client Component 
Browser:
    ./node_modules/node
mailer/lib/mailer/index
.js [Client Component 
Browser]
    ./node_modules/node
mailer/lib/nodemailer.j
s [Client Component 
Browser]
    ./src/lib/email.js 
[Client Component 
Browser]
    ./src/app/admin/ann
ouncements/create/page.
js [Client Component 
Browser]
    ./src/app/admin/ann
ouncements/create/page.
js [Server Component]

  Client Component SSR:
    ./node_modules/node
mailer/lib/mailer/index
.js [Client Component 
SSR]
    ./node_modules/node
mailer/lib/nodemailer.j
s [Client Component 
SSR]
    ./src/lib/email.js 
[Client Component SSR]
    ./src/app/admin/ann
ouncements/create/page.
js [Client Component 
SSR]
    ./src/app/admin/ann
ouncements/create/page.
js [Server Component]

https://nextjs.org/docs
/messages/module-not-fo
und


./node_modules/nodemail
er/lib/shared/index.js:
9:13
Module not found: 
Can't resolve 'dns'
[0m [90m  7 |[39m 
[36mconst[39m fs 
[33m=[39m require([3
2m'fs'[39m)[33m;[39m
 [90m  8 |[39m 
[36mconst[39m 
nmfetch [33m=[39m req
uire([32m'../fetch'[3
9m)[33m;[39m
[31m[1m>[22m[39m[9
0m  9 |[39m 
[36mconst[39m dns 
[33m=[39m require([3
2m'dns'[39m)[33m;[39
m
 [90m    |[39m       
      [31m[1m^[22m[
39m[31m[1m^[22m[39m
[31m[1m^[22m[39m[3
1m[1m^[22m[39m[31m
[1m^[22m[39m[31m[1m
^[22m[39m[31m[1m^[
22m[39m[31m[1m^[22m
[39m[31m[1m^[22m[3
9m[31m[1m^[22m[39m
[31m[1m^[22m[39m[31
m[1m^[22m[39m[31m[
1m^[22m[39m[31m[1m^
[22m[39m
 [90m 10 |[39m 
[36mconst[39m net 
[33m=[39m require([3
2m'net'[39m)[33m;[39
m
 [90m 11 |[39m 
[36mconst[39m os 
[33m=[39m require([3
2m'os'[39m)[33m;[39m
 [90m 12 |[39m[0m



Import traces:
  Client Component 
Browser:
    ./node_modules/node
mailer/lib/shared/index
.js [Client Component 
Browser]
    ./node_modules/node
mailer/lib/nodemailer.j
s [Client Component 
Browser]
    ./src/lib/email.js 
[Client Component 
Browser]
    ./src/app/admin/bud
gets/create/page.js 
[Client Component 
Browser]
    ./src/app/admin/bud
gets/create/page.js 
[Server Component]

  Client Component SSR:
    ./node_modules/node
mailer/lib/shared/index
.js [Client Component 
SSR]
    ./node_modules/node
mailer/lib/nodemailer.j
s [Client Component 
SSR]
    ./src/lib/email.js 
[Client Component SSR]
    ./src/app/admin/bud
gets/create/page.js 
[Client Component SSR]
    ./src/app/admin/bud
gets/create/page.js 
[Server Component]

https://nextjs.org/docs
/messages/module-not-fo
und


./node_modules/nodemail
er/lib/dkim/index.js:10
:12
Module not found: 
Can't resolve 'fs'
[0m [90m  8 |[39m 
[36mconst[39m sign 
[33m=[39m require([3
2m'./sign'[39m)[33m;
[39m
 [90m  9 |[39m 
[36mconst[39m 
[33mPassThrough[39m 
[33m=[39m require([3
2m'stream'[39m)[33m.
[39m[33mPassThrough[3
9m[33m;[39m
[31m[1m>[22m[39m[9
0m 10 |[39m 
[36mconst[39m fs 
[33m=[39m require([3
2m'fs'[39m)[33m;[39m
 [90m    |[39m       
     [31m[1m^[22m[3
9m[31m[1m^[22m[39m
[31m[1m^[22m[39m[31
m[1m^[22m[39m[31m[
1m^[22m[39m[31m[1m^
[22m[39m[31m[1m^[2
2m[39m[31m[1m^[22m
[39m[31m[1m^[22m[39
m[31m[1m^[22m[39m[
31m[1m^[22m[39m[31m
[1m^[22m[39m[31m[1
m^[22m[39m
 [90m 11 |[39m 
[36mconst[39m path 
[33m=[39m require([3
2m'path'[39m)[33m;[3
9m
 [90m 12 |[39m 
[36mconst[39m crypto 
[33m=[39m require([3
2m'crypto'[39m)[33m;
[39m
 [90m 13 |[39m[0m



Import traces:
  Client Component 
Browser:
    ./node_modules/node
mailer/lib/dkim/index.j
s [Client Component 
Browser]
    ./node_modules/node
mailer/lib/mailer/index
.js [Client Component 
Browser]
    ./node_modules/node
mailer/lib/nodemailer.j
s [Client Component 
Browser]
    ./src/lib/email.js 
[Client Component 
Browser]
    ./src/app/admin/ann
ouncements/create/page.
js [Client Component 
Browser]
    ./src/app/admin/ann
ouncements/create/page.
js [Server Component]

  Client Component SSR:
    ./node_modules/node
mailer/lib/dkim/index.j
s [Client Component 
SSR]
    ./node_modules/node
mailer/lib/mailer/index
.js [Client Component 
SSR]
    ./node_modules/node
mailer/lib/nodemailer.j
s [Client Component 
SSR]
    ./src/lib/email.js 
[Client Component SSR]
    ./src/app/admin/ann
ouncements/create/page.
js [Client Component 
SSR]
    ./src/app/admin/ann
ouncements/create/page.
js [Server Component]

https://nextjs.org/docs
/messages/module-not-fo
und


./node_modules/nodemail
er/lib/mime-node/index.
js:6:12
Module not found: 
Can't resolve 'fs'
[0m [90m 4 |[39m
 [90m 5 |[39m 
[36mconst[39m crypto 
[33m=[39m require([3
2m'crypto'[39m)[33m;
[39m
[31m[1m>[22m[39m[9
0m 6 |[39m 
[36mconst[39m fs 
[33m=[39m require([3
2m'fs'[39m)[33m;[39m
 [90m   |[39m        
    [31m[1m^[22m[39
m[31m[1m^[22m[39m[
31m[1m^[22m[39m[31m
[1m^[22m[39m[31m[1
m^[22m[39m[31m[1m^
[22m[39m[31m[1m^[22
m[39m[31m[1m^[22m[
39m[31m[1m^[22m[39m
[31m[1m^[22m[39m[3
1m[1m^[22m[39m[31m
[1m^[22m[39m[31m[1m
^[22m[39m
 [90m 7 |[39m 
[36mconst[39m 
punycode [33m=[39m re
quire([32m'../punycode
'[39m)[33m;[39m
 [90m 8 |[39m 
[36mconst[39m 
[33mPassThrough[39m 
[33m=[39m require([3
2m'stream'[39m)[33m.
[39m[33mPassThrough[3
9m[33m;[39m
 [90m 9 |[39m 
[36mconst[39m shared 
[33m=[39m require([3
2m'../shared'[39m)[33
m;[39m[0m



Import traces:
  Client Component 
Browser:
    ./node_modules/node
mailer/lib/mime-node/in
dex.js [Client 
Component Browser]
    ./node_modules/node
mailer/lib/ses-transpor
t/index.js [Client 
Component Browser]
    ./node_modules/node
mailer/lib/nodemailer.j
s [Client Component 
Browser]
    ./src/lib/email.js 
[Client Component 
Browser]
    ./src/app/admin/ann
ouncements/create/page.
js [Client Component 
Browser]
    ./src/app/admin/ann
ouncements/create/page.
js [Server Component]

  Client Component SSR:
    ./node_modules/node
mailer/lib/mime-node/in
dex.js [Client 
Component SSR]
    ./node_modules/node
mailer/lib/ses-transpor
t/index.js [Client 
Component SSR]
    ./node_modules/node
mailer/lib/nodemailer.j
s [Client Component 
SSR]
    ./src/lib/email.js 
[Client Component SSR]
    ./src/app/admin/ann
ouncements/create/page.
js [Client Component 
SSR]
    ./src/app/admin/ann
ouncements/create/page.
js [Server Component]

https://nextjs.org/docs
/messages/module-not-fo
und


./node_modules/nodemail
er/lib/shared/index.js:
7:12
Module not found: 
Can't resolve 'fs'
[0m [90m  5 |[39m 
[36mconst[39m urllib 
[33m=[39m require([3
2m'url'[39m)[33m;[39
m
 [90m  6 |[39m 
[36mconst[39m util 
[33m=[39m require([3
2m'util'[39m)[33m;[3
9m
[31m[1m>[22m[39m[9
0m  7 |[39m 
[36mconst[39m fs 
[33m=[39m require([3
2m'fs'[39m)[33m;[39m
 [90m    |[39m       
     [31m[1m^[22m[3
9m[31m[1m^[22m[39m
[31m[1m^[22m[39m[31
m[1m^[22m[39m[31m[
1m^[22m[39m[31m[1m^
[22m[39m[31m[1m^[2
2m[39m[31m[1m^[22m
[39m[31m[1m^[22m[39
m[31m[1m^[22m[39m[
31m[1m^[22m[39m[31m
[1m^[22m[39m[31m[1
m^[22m[39m
 [90m  8 |[39m 
[36mconst[39m 
nmfetch [33m=[39m req
uire([32m'../fetch'[3
9m)[33m;[39m
 [90m  9 |[39m 
[36mconst[39m dns 
[33m=[39m require([3
2m'dns'[39m)[33m;[39
m
 [90m 10 |[39m 
[36mconst[39m net 
[33m=[39m require([3
2m'net'[39m)[33m;[39
m[0m



Import traces:
  Client Component 
Browser:
    ./node_modules/node
mailer/lib/shared/index
.js [Client Component 
Browser]
    ./node_modules/node
mailer/lib/nodemailer.j
s [Client Component 
Browser]
    ./src/lib/email.js 
[Client Component 
Browser]
    ./src/app/admin/bud
gets/create/page.js 
[Client Component 
Browser]
    ./src/app/admin/bud
gets/create/page.js 
[Server Component]

  Client Component SSR:
    ./node_modules/node
mailer/lib/shared/index
.js [Client Component 
SSR]
    ./node_modules/node
mailer/lib/nodemailer.j
s [Client Component 
SSR]
    ./src/lib/email.js 
[Client Component SSR]
    ./src/app/admin/bud
gets/create/page.js 
[Client Component SSR]
    ./src/app/admin/bud
gets/create/page.js 
[Server Component]

https://nextjs.org/docs
/messages/module-not-fo
und


./node_modules/nodemail
er/lib/fetch/index.js:1
0:13
Module not found: 
Can't resolve 'net'
[0m [90m  8 |[39m 
[36mconst[39m 
[33mCookies[39m 
[33m=[39m require([3
2m'./cookies'[39m)[33
m;[39m
 [90m  9 |[39m 
[36mconst[39m 
packageData 
[33m=[39m require([3
2m'../../package.json'
[39m)[33m;[39m
[31m[1m>[22m[39m[9
0m 10 |[39m 
[36mconst[39m net 
[33m=[39m require([3
2m'net'[39m)[33m;[39
m
 [90m    |[39m       
      [31m[1m^[22m[
39m[31m[1m^[22m[39m
[31m[1m^[22m[39m[3
1m[1m^[22m[39m[31m
[1m^[22m[39m[31m[1m
^[22m[39m[31m[1m^[
22m[39m[31m[1m^[22m
[39m[31m[1m^[22m[3
9m[31m[1m^[22m[39m
[31m[1m^[22m[39m[31
m[1m^[22m[39m[31m[
1m^[22m[39m[31m[1m^
[22m[39m
 [90m 11 |[39m 
[36mconst[39m errors 
[33m=[39m require([3
2m'../errors'[39m)[33
m;[39m
 [90m 12 |[39m
 [90m 13 |[39m 
[36mconst[39m [33mMA
X_REDIRECTS[39m 
[33m=[39m [35m5[39m
[33m;[39m[0m



Import traces:
  Client Component 
Browser:
    ./node_modules/node
mailer/lib/fetch/index.
js [Client Component 
Browser]
    ./node_modules/node
mailer/lib/nodemailer.j
s [Client Component 
Browser]
    ./src/lib/email.js 
[Client Component 
Browser]
    ./src/app/admin/eve
nts/create/page.js 
[Client Component 
Browser]
    ./src/app/admin/eve
nts/create/page.js 
[Server Component]

  Client Component SSR:
    ./node_modules/node
mailer/lib/fetch/index.
js [Client Component 
SSR]
    ./node_modules/node
mailer/lib/nodemailer.j
s [Client Component 
SSR]
    ./src/lib/email.js 
[Client Component SSR]
    ./src/app/admin/eve
nts/create/page.js 
[Client Component SSR]
    ./src/app/admin/eve
nts/create/page.js 
[Server Component]

https://nextjs.org/docs
/messages/module-not-fo
und


./node_modules/nodemail
er/lib/mailer/index.js:
14:13
Module not found: 
Can't resolve 'net'
[0m [90m 12 |[39m 
[36mconst[39m 
packageData 
[33m=[39m require([3
2m'../../package.json'
[39m)[33m;[39m
 [90m 13 |[39m 
[36mconst[39m 
[33mMailMessage[39m 
[33m=[39m require([3
2m'./mail-message'[39m
)[33m;[39m
[31m[1m>[22m[39m[9
0m 14 |[39m 
[36mconst[39m net 
[33m=[39m require([3
2m'net'[39m)[33m;[39
m
 [90m    |[39m       
      [31m[1m^[22m[
39m[31m[1m^[22m[39m
[31m[1m^[22m[39m[3
1m[1m^[22m[39m[31m
[1m^[22m[39m[31m[1m
^[22m[39m[31m[1m^[
22m[39m[31m[1m^[22m
[39m[31m[1m^[22m[3
9m[31m[1m^[22m[39m
[31m[1m^[22m[39m[31
m[1m^[22m[39m[31m[
1m^[22m[39m[31m[1m^
[22m[39m
 [90m 15 |[39m 
[36mconst[39m dns 
[33m=[39m require([3
2m'dns'[39m)[33m;[39
m
 [90m 16 |[39m 
[36mconst[39m crypto 
[33m=[39m require([3
2m'crypto'[39m)[33m;
[39m
 [90m 17 |[39m[0m



Import traces:
  Client Component 
Browser:
    ./node_modules/node
mailer/lib/mailer/index
.js [Client Component 
Browser]
    ./node_modules/node
mailer/lib/nodemailer.j
s [Client Component 
Browser]
    ./src/lib/email.js 
[Client Component 
Browser]
    ./src/app/admin/ann
ouncements/create/page.
js [Client Component 
Browser]
    ./src/app/admin/ann
ouncements/create/page.
js [Server Component]

  Client Component SSR:
    ./node_modules/node
mailer/lib/mailer/index
.js [Client Component 
SSR]
    ./node_modules/node
mailer/lib/nodemailer.j
s [Client Component 
SSR]
    ./src/lib/email.js 
[Client Component SSR]
    ./src/app/admin/ann
ouncements/create/page.
js [Client Component 
SSR]
    ./src/app/admin/ann
ouncements/create/page.
js [Server Component]

https://nextjs.org/docs
/messages/module-not-fo
und


./node_modules/nodemail
er/lib/shared/index.js:
10:13
Module not found: 
Can't resolve 'net'
[0m [90m  8 |[39m 
[36mconst[39m 
nmfetch [33m=[39m req
uire([32m'../fetch'[3
9m)[33m;[39m
 [90m  9 |[39m 
[36mconst[39m dns 
[33m=[39m require([3
2m'dns'[39m)[33m;[39
m
[31m[1m>[22m[39m[9
0m 10 |[39m 
[36mconst[39m net 
[33m=[39m require([3
2m'net'[39m)[33m;[39
m
 [90m    |[39m       
      [31m[1m^[22m[
39m[31m[1m^[22m[39m
[31m[1m^[22m[39m[3
1m[1m^[22m[39m[31m
[1m^[22m[39m[31m[1m
^[22m[39m[31m[1m^[
22m[39m[31m[1m^[22m
[39m[31m[1m^[22m[3
9m[31m[1m^[22m[39m
[31m[1m^[22m[39m[31
m[1m^[22m[39m[31m[
1m^[22m[39m[31m[1m^
[22m[39m
 [90m 11 |[39m 
[36mconst[39m os 
[33m=[39m require([3
2m'os'[39m)[33m;[39m
 [90m 12 |[39m
 [90m 13 |[39m 
[36mconst[39m 
[33mDNS_TTL[39m 
[33m=[39m 
[35m5[39m 
[33m*[39m 
[35m60[39m 
[33m*[39m [35m1000[
39m[33m;[39m[0m



Import traces:
  Client Component 
Browser:
    ./node_modules/node
mailer/lib/shared/index
.js [Client Component 
Browser]
    ./node_modules/node
mailer/lib/nodemailer.j
s [Client Component 
Browser]
    ./src/lib/email.js 
[Client Component 
Browser]
    ./src/app/admin/bud
gets/create/page.js 
[Client Component 
Browser]
    ./src/app/admin/bud
gets/create/page.js 
[Server Component]

  Client Component SSR:
    ./node_modules/node
mailer/lib/shared/index
.js [Client Component 
SSR]
    ./node_modules/node
mailer/lib/nodemailer.j
s [Client Component 
SSR]
    ./src/lib/email.js 
[Client Component SSR]
    ./src/app/admin/bud
gets/create/page.js 
[Client Component SSR]
    ./src/app/admin/bud
gets/create/page.js 
[Server Component]

https://nextjs.org/docs
/messages/module-not-fo
und


./node_modules/nodemail
er/lib/smtp-connection/
http-proxy-client.js:7:
13
Module not found: 
Can't resolve 'net'
[0m [90m  5 |[39m 
[90m */[39m
 [90m  6 |[39m
[31m[1m>[22m[39m[9
0m  7 |[39m 
[36mconst[39m net 
[33m=[39m require([3
2m'net'[39m)[33m;[39
m
 [90m    |[39m       
      [31m[1m^[22m[
39m[31m[1m^[22m[39m
[31m[1m^[22m[39m[3
1m[1m^[22m[39m[31m
[1m^[22m[39m[31m[1m
^[22m[39m[31m[1m^[
22m[39m[31m[1m^[22m
[39m[31m[1m^[22m[3
9m[31m[1m^[22m[39m
[31m[1m^[22m[39m[31
m[1m^[22m[39m[31m[
1m^[22m[39m[31m[1m^
[22m[39m
 [90m  8 |[39m 
[36mconst[39m tls 
[33m=[39m require([3
2m'tls'[39m)[33m;[39
m
 [90m  9 |[39m 
[36mconst[39m urllib 
[33m=[39m require([3
2m'url'[39m)[33m;[39
m
 [90m 10 |[39m 
[36mconst[39m errors 
[33m=[39m require([3
2m'../errors'[39m)[33
m;[39m[0m



Import traces:
  Client Component 
Browser:
    ./node_modules/node
mailer/lib/smtp-connect
ion/http-proxy-client.j
s [Client Component 
Browser]
    ./node_modules/node
mailer/lib/mailer/index
.js [Client Component 
Browser]
    ./node_modules/node
mailer/lib/nodemailer.j
s [Client Component 
Browser]
    ./src/lib/email.js 
[Client Component 
Browser]
    ./src/app/admin/ann
ouncements/create/page.
js [Client Component 
Browser]
    ./src/app/admin/ann
ouncements/create/page.
js [Server Component]

  Client Component SSR:
    ./node_modules/node
mailer/lib/smtp-connect
ion/http-proxy-client.j
s [Client Component 
SSR]
    ./node_modules/node
mailer/lib/mailer/index
.js [Client Component 
SSR]
    ./node_modules/node
mailer/lib/nodemailer.j
s [Client Component 
SSR]
    ./src/lib/email.js 
[Client Component SSR]
    ./src/app/admin/ann
ouncements/create/page.
js [Client Component 
SSR]
    ./src/app/admin/ann
ouncements/create/page.
js [Server Component]

https://nextjs.org/docs
/messages/module-not-fo
und


./node_modules/nodemail
er/lib/smtp-connection/
index.js:5:13
Module not found: 
Can't resolve 'net'
[0m [90m 3 |[39m 
[36mconst[39m 
packageInfo 
[33m=[39m require([3
2m'../../package.json'
[39m)[33m;[39m
 [90m 4 |[39m 
[36mconst[39m 
[33mEventEmitter[39m 
[33m=[39m require([3
2m'events'[39m)[33m.
[39m[33mEventEmitter[
39m[33m;[39m
[31m[1m>[22m[39m[9
0m 5 |[39m 
[36mconst[39m net 
[33m=[39m require([3
2m'net'[39m)[33m;[39
m
 [90m   |[39m        
     [31m[1m^[22m[3
9m[31m[1m^[22m[39m
[31m[1m^[22m[39m[31
m[1m^[22m[39m[31m[
1m^[22m[39m[31m[1m^
[22m[39m[31m[1m^[2
2m[39m[31m[1m^[22m
[39m[31m[1m^[22m[39
m[31m[1m^[22m[39m[
31m[1m^[22m[39m[31m
[1m^[22m[39m[31m[1
m^[22m[39m[31m[1m^
[22m[39m
 [90m 6 |[39m 
[36mconst[39m tls 
[33m=[39m require([3
2m'tls'[39m)[33m;[39
m
 [90m 7 |[39m 
[36mconst[39m os 
[33m=[39m require([3
2m'os'[39m)[33m;[39m
 [90m 8 |[39m 
[36mconst[39m crypto 
[33m=[39m require([3
2m'crypto'[39m)[33m;
[39m[0m



Import traces:
  Client Component 
Browser:
    ./node_modules/node
mailer/lib/smtp-connect
ion/index.js [Client 
Component Browser]
    ./node_modules/node
mailer/lib/smtp-transpo
rt/index.js [Client 
Component Browser]
    ./node_modules/node
mailer/lib/nodemailer.j
s [Client Component 
Browser]
    ./src/lib/email.js 
[Client Component 
Browser]
    ./src/app/admin/ann
ouncements/create/page.
js [Client Component 
Browser]
    ./src/app/admin/ann
ouncements/create/page.
js [Server Component]

  Client Component SSR:
    ./node_modules/node
mailer/lib/smtp-connect
ion/index.js [Client 
Component SSR]
    ./node_modules/node
mailer/lib/smtp-transpo
rt/index.js [Client 
Component SSR]
    ./node_modules/node
mailer/lib/nodemailer.j
s [Client Component 
SSR]
    ./src/lib/email.js 
[Client Component SSR]
    ./src/app/admin/ann
ouncements/create/page.
js [Client Component 
SSR]
    ./src/app/admin/ann
ouncements/create/page.
js [Server Component]

https://nextjs.org/docs
/messages/module-not-fo
und


./node_modules/nodemail
er/lib/smtp-connection/
http-proxy-client.js:8:
13
Module not found: 
Can't resolve 'tls'
[0m [90m  6 |[39m
 [90m  7 |[39m 
[36mconst[39m net 
[33m=[39m require([3
2m'net'[39m)[33m;[39
m
[31m[1m>[22m[39m[9
0m  8 |[39m 
[36mconst[39m tls 
[33m=[39m require([3
2m'tls'[39m)[33m;[39
m
 [90m    |[39m       
      [31m[1m^[22m[
39m[31m[1m^[22m[39m
[31m[1m^[22m[39m[3
1m[1m^[22m[39m[31m
[1m^[22m[39m[31m[1m
^[22m[39m[31m[1m^[
22m[39m[31m[1m^[22m
[39m[31m[1m^[22m[3
9m[31m[1m^[22m[39m
[31m[1m^[22m[39m[31
m[1m^[22m[39m[31m[
1m^[22m[39m[31m[1m^
[22m[39m
 [90m  9 |[39m 
[36mconst[39m urllib 
[33m=[39m require([3
2m'url'[39m)[33m;[39
m
 [90m 10 |[39m 
[36mconst[39m errors 
[33m=[39m require([3
2m'../errors'[39m)[33
m;[39m
 [90m 11 |[39m[0m



Import traces:
  Client Component 
Browser:
    ./node_modules/node
mailer/lib/smtp-connect
ion/http-proxy-client.j
s [Client Component 
Browser]
    ./node_modules/node
mailer/lib/mailer/index
.js [Client Component 
Browser]
    ./node_modules/node
mailer/lib/nodemailer.j
s [Client Component 
Browser]
    ./src/lib/email.js 
[Client Component 
Browser]
    ./src/app/admin/ann
ouncements/create/page.
js [Client Component 
Browser]
    ./src/app/admin/ann
ouncements/create/page.
js [Server Component]

  Client Component SSR:
    ./node_modules/node
mailer/lib/smtp-connect
ion/http-proxy-client.j
s [Client Component 
SSR]
    ./node_modules/node
mailer/lib/mailer/index
.js [Client Component 
SSR]
    ./node_modules/node
mailer/lib/nodemailer.j
s [Client Component 
SSR]
    ./src/lib/email.js 
[Client Component SSR]
    ./src/app/admin/ann
ouncements/create/page.
js [Client Component 
SSR]
    ./src/app/admin/ann
ouncements/create/page.
js [Server Component]

https://nextjs.org/docs
/messages/module-not-fo
und


./node_modules/nodemail
er/lib/smtp-connection/
index.js:6:13
Module not found: 
Can't resolve 'tls'
[0m [90m 4 |[39m 
[36mconst[39m 
[33mEventEmitter[39m 
[33m=[39m require([3
2m'events'[39m)[33m.
[39m[33mEventEmitter[
39m[33m;[39m
 [90m 5 |[39m 
[36mconst[39m net 
[33m=[39m require([3
2m'net'[39m)[33m;[39
m
[31m[1m>[22m[39m[9
0m 6 |[39m 
[36mconst[39m tls 
[33m=[39m require([3
2m'tls'[39m)[33m;[39
m
 [90m   |[39m        
     [31m[1m^[22m[3
9m[31m[1m^[22m[39m
[31m[1m^[22m[39m[31
m[1m^[22m[39m[31m[
1m^[22m[39m[31m[1m^
[22m[39m[31m[1m^[2
2m[39m[31m[1m^[22m
[39m[31m[1m^[22m[39
m[31m[1m^[22m[39m[
31m[1m^[22m[39m[31m
[1m^[22m[39m[31m[1
m^[22m[39m[31m[1m^
[22m[39m
 [90m 7 |[39m 
[36mconst[39m os 
[33m=[39m require([3
2m'os'[39m)[33m;[39m
 [90m 8 |[39m 
[36mconst[39m crypto 
[33m=[39m require([3
2m'crypto'[39m)[33m;
[39m
 [90m 9 |[39m 
[36mconst[39m 
[33mDataStream[39m 
[33m=[39m require([3
2m'./data-stream'[39m)
[33m;[39m[0m



Import traces:
  Client Component 
Browser:
    ./node_modules/node
mailer/lib/smtp-connect
ion/index.js [Client 
Component Browser]
    ./node_modules/node
mailer/lib/smtp-transpo
rt/index.js [Client 
Component Browser]
    ./node_modules/node
mailer/lib/nodemailer.j
s [Client Component 
Browser]
    ./src/lib/email.js 
[Client Component 
Browser]
    ./src/app/admin/ann
ouncements/create/page.
js [Client Component 
Browser]
    ./src/app/admin/ann
ouncements/create/page.
js [Server Component]

  Client Component SSR:
    ./node_modules/node
mailer/lib/smtp-connect
ion/index.js [Client 
Component SSR]
    ./node_modules/node
mailer/lib/smtp-transpo
rt/index.js [Client 
Component SSR]
    ./node_modules/node
mailer/lib/nodemailer.j
s [Client Component 
SSR]
    ./src/lib/email.js 
[Client Component SSR]
    ./src/app/admin/ann
ouncements/create/page.
js [Client Component 
SSR]
    ./src/app/admin/ann
ouncements/create/page.
js [Server Component]

https://nextjs.org/docs
/messages/module-not-fo
und


    at <unknown> (https
://nextjs.org/docs/mess
ages/module-not-found)
    ... collapsed 12 
duplicate lines 
matching above 1 lines 
12 times...
